// Vitest Snapshot v1, https://vitest.dev/guide/snapshot.html

exports[`Canvas package public surface > snapshots facade runtime value exports 1`] = `
{
  "app": [
    "CANVAS_APP_ARROW_ROUTING_INSPECTOR_FEATURE_PACK",
    "CANVAS_APP_ARROW_ROUTING_INSPECTOR_FEATURE_PACK_MANIFEST",
    "CANVAS_APP_BOARD_IO_FEATURE_PACK_MANIFEST",
    "CANVAS_APP_CHECKLIST_INSPECTOR_FEATURE_PACK",
    "CANVAS_APP_CHECKLIST_INSPECTOR_FEATURE_PACK_MANIFEST",
    "CANVAS_APP_COMMAND_PALETTE_FEATURE_PACK_MANIFEST",
    "CANVAS_APP_COMMAND_PALETTE_VIEW_FEATURE_PACK",
    "CANVAS_APP_COMMENT_ONLY_CAPABILITIES",
    "CANVAS_APP_COMPONENT_AUTHORING_FEATURE_PACK_MANIFEST",
    "CANVAS_APP_COMPONENT_AUTHORING_VIEW_FEATURE_PACK",
    "CANVAS_APP_CURSOR_CHAT_FEATURE_PACK_MANIFEST",
    "CANVAS_APP_CURSOR_CHAT_VIEW_FEATURE_PACK",
    "CANVAS_APP_DRAWING_TOOLS_FEATURE_PACK_MANIFEST",
    "CANVAS_APP_DRAWING_TOOLS_VIEW_FEATURE_PACK",
    "CANVAS_APP_EDITOR_CAPABILITIES",
    "CANVAS_APP_FACILITATION_AFFORDANCE_CONFIG",
    "CANVAS_APP_FACILITATION_BUNDLE_ID",
    "CANVAS_APP_FACILITATION_DISABLED_AFFORDANCE_CONFIG",
    "CANVAS_APP_FACILITATION_FEATURE_PACK_MANIFEST",
    "CANVAS_APP_FACILITATION_VIEW_FEATURE_PACK",
    "CANVAS_APP_FIND_REPLACE_FEATURE_PACK_MANIFEST",
    "CANVAS_APP_FIND_REPLACE_VIEW_FEATURE_PACK",
    "CANVAS_APP_IMAGE_IO_FEATURE_PACK_MANIFEST",
    "CANVAS_APP_IMAGE_IO_VIEW_FEATURE_PACK",
    "CANVAS_APP_KANBAN_INSPECTOR_FEATURE_PACK",
    "CANVAS_APP_KANBAN_INSPECTOR_FEATURE_PACK_MANIFEST",
    "CANVAS_APP_MEDIA_IMPORT_FEATURE_PACK",
    "CANVAS_APP_MEDIA_IMPORT_FEATURE_PACK_MANIFEST",
    "CANVAS_APP_MINIMAP_FEATURE_PACK_MANIFEST",
    "CANVAS_APP_MINIMAP_VIEW_FEATURE_PACK",
    "CANVAS_APP_READ_ONLY_CAPABILITIES",
    "CANVAS_APP_SELECTION_TOOLBAR_FEATURE_PACK_MANIFEST",
    "CANVAS_APP_SELECTION_TOOLBAR_VIEW_FEATURE_PACK",
    "CANVAS_APP_SHORTCUT_HELP_FEATURE_PACK_MANIFEST",
    "CANVAS_APP_SHORTCUT_HELP_VIEW_FEATURE_PACK",
    "CANVAS_APP_STAMP_AUTHORING_FEATURE_PACK_MANIFEST",
    "CANVAS_APP_STAMP_AUTHORING_VIEW_FEATURE_PACK",
    "CANVAS_APP_STATUS_BAR_FEATURE_PACK_MANIFEST",
    "CANVAS_APP_STATUS_BAR_VIEW_FEATURE_PACK",
    "CANVAS_APP_TABLE_IMPORT_FEATURE_PACK_MANIFEST",
    "CANVAS_APP_TEXT_PASTE_IMPORT_FEATURE_PACK_MANIFEST",
    "CANVAS_APP_TOOLBAR_FEATURE_PACK_MANIFEST",
    "CANVAS_APP_TOOLBAR_VIEW_FEATURE_PACK",
    "CANVAS_APP_ZOOM_CONTROLS_FEATURE_PACK_MANIFEST",
    "CANVAS_APP_ZOOM_CONTROLS_VIEW_FEATURE_PACK",
    "CANVAS_BOARD_EXPORT_KIND",
    "CANVAS_BOARD_EXPORT_VERSION",
    "CANVAS_BOARD_IO_PLUGIN_ID",
    "CANVAS_BOARD_JSON_MIME_TYPE",
    "CANVAS_BOARD_SVG_MIME_TYPE",
    "CANVAS_COMMENT_THREAD_MODEL",
    "CANVAS_CONTROL_TARGET_SELECTOR",
    "CANVAS_DATA_TRANSFER_TEXT_MIME_TYPE",
    "CANVAS_KEYBOARD_COMMAND_DISPATCH_MODEL",
    "CANVAS_KEYBOARD_COMMAND_INTENT_MODEL",
    "CANVAS_KEYBOARD_NUDGE_INTENT_MODEL",
    "CANVAS_KEYBOARD_NUDGE_KEYS",
    "CANVAS_KEYBOARD_NUDGE_LARGE_STEP",
    "CANVAS_KEYBOARD_NUDGE_MODEL",
    "CANVAS_KEYBOARD_NUDGE_STEP",
    "CANVAS_KEYBOARD_TOOL_DISPATCH_MODEL",
    "CANVAS_KEYBOARD_VIEWPORT_INTENT_MODEL",
    "CANVAS_KEYBOARD_VIEWPORT_MODEL",
    "CANVAS_MENU_FOCUS_MODEL",
    "CANVAS_MENU_ITEM_PROPS",
    "CANVAS_MENU_KEYBOARD_KEYS",
    "CANVAS_MENU_ROVING_FOCUS_MODEL",
    "CANVAS_MODAL_FOCUSABLE_SELECTOR",
    "CANVAS_MODAL_FOCUS_LIFECYCLE_MODEL",
    "CANVAS_RADIO_GROUP_FOCUS_MODEL",
    "CANVAS_RADIO_GROUP_KEYBOARD_MODEL",
    "CANVAS_RADIO_GROUP_MODEL",
    "CANVAS_RESIZE_POINTER_MODIFIERS_MODEL",
    "CANVAS_RICH_CLIPBOARD_DEFAULT_FALLBACK_HTML",
    "CANVAS_RICH_CLIPBOARD_JSON_SCRIPT_ATTRIBUTE",
    "CANVAS_RICH_CLIPBOARD_ROOT_ATTRIBUTE",
    "CANVAS_SELECTION_TOOLBAR_DROPDOWN_MENU_MODEL",
    "CANVAS_TABS_KEYBOARD_MODEL",
    "CANVAS_TABS_ROVING_FOCUS_MODEL",
    "CANVAS_TOOLBAR_FOCUS_MODEL",
    "CANVAS_TOOLBAR_ITEM_PROPS",
    "CANVAS_TOOLBAR_KEYBOARD_MODEL",
    "CANVAS_TOOLBAR_ROVING_FOCUS_MODEL",
    "CANVAS_WHEEL_PASSTHROUGH_SELECTOR",
    "CanvasApp",
    "CanvasAppViewportOverlayLayer",
    "CanvasCommandPalette",
    "CanvasContextCommandMenu",
    "CanvasMinimap",
    "CanvasObjectInspector",
    "CanvasSelectionFloatingBar",
    "CanvasShortcutHelpOverlay",
    "CanvasToolbar",
    "DEFAULT_CANVAS_APP_ASSEMBLY",
    "DEFAULT_CANVAS_APP_EXTENSION_FEATURE_PACK_MANIFESTS",
    "DEFAULT_CANVAS_APP_FEATURE_PACKS",
    "DEFAULT_CANVAS_APP_FEATURE_PACK_EXTENSION_BUNDLE",
    "DEFAULT_CANVAS_APP_FEATURE_PACK_MANIFESTS",
    "DEFAULT_CANVAS_APP_FEATURE_PACK_VIEW_RENDERERS",
    "DEFAULT_CANVAS_APP_VIEW_FEATURE_PACKS",
    "DEFAULT_CANVAS_APP_VIEW_FEATURE_PACK_MANIFESTS",
    "assertCanvasAppAssembly",
    "assertCanvasAppExtensionId",
    "assertCanvasAppExtensionRecordKeys",
    "assertCanvasAppFeaturePack",
    "assertCanvasAppFeaturePackIds",
    "assertCanvasAppFeaturePackManifest",
    "assertCanvasAppFeaturePackManifests",
    "assertCanvasAppFeaturePackViewRenderers",
    "assertCanvasAppFeaturePacks",
    "assertCanvasAppViewFeaturePack",
    "assertCanvasAppViewFeaturePacks",
    "bindCanvasEventListener",
    "bindCanvasEventListeners",
    "cancelCanvasAnimationFrameTask",
    "cancelCanvasDeferredFocus",
    "cancelCanvasTimeoutTask",
    "captureCanvasPointer",
    "captureCanvasPointerFromEvent",
    "centerCanvasViewportAtWorldPoint",
    "commitCanvasTextEditing",
    "createCanvasAppAssembly",
    "createCanvasAppCapabilities",
    "createCanvasAppCapabilityAffordanceConfigInput",
    "createCanvasAppComponentPresentationRenderers",
    "createCanvasAppCustomItemModuleAssembly",
    "createCanvasAppCustomItemRenderers",
    "createCanvasAppDomEditStyleFeaturePackManifest",
    "createCanvasAppExtensionBundle",
    "createCanvasAppFacilitationAffordanceConfigInput",
    "createCanvasAppFeaturePack",
    "createCanvasAppFeaturePackExtensionBundle",
    "createCanvasAppFeaturePackManifest",
    "createCanvasAppFeaturePackViewRenderers",
    "createCanvasAppViewFeaturePack",
    "createCanvasBoardExportPayload",
    "createCanvasBoardIoPlugin",
    "createCanvasBoardJsonExportFile",
    "createCanvasBoardSvgExport",
    "createCanvasBoardSvgExportFile",
    "createCanvasDataTransferImportActionPlan",
    "createCanvasDomEditStyleInspectorPanel",
    "createCanvasPastePositionKey",
    "createCanvasRichClipboardHTML",
    "createCanvasTabsDescriptor",
    "defineCanvasAppCustomItemModule",
    "defineCanvasAppFeaturePack",
    "defineCanvasAppHtmlWidgetModule",
    "defineCanvasAppReactWidgetModule",
    "dispatchCanvasAppCustomFocus",
    "dispatchCanvasAppCustomFocusClear",
    "downloadCanvasBlobFile",
    "downloadCanvasTextFile",
    "fitCanvasViewportToBounds",
    "fitCanvasViewportToItems",
    "focusCanvasElement",
    "focusCanvasElementBySelectorOnNextFrame",
    "focusCanvasElementOnNextFrame",
    "focusCanvasModalElement",
    "getCanvasAppFeaturePackCatalog",
    "getCanvasAppInstalledFeaturePackManifestIds",
    "getCanvasAppInstalledFeaturePackManifests",
    "getCanvasAppInstalledFeaturePacks",
    "getCanvasAppInstalledViewFeaturePacks",
    "getCanvasAppManifestExtensionFeaturePacks",
    "getCanvasAppManifestViewFeaturePacks",
    "getCanvasAppWidgetInteractions",
    "getCanvasAxisLockedDragDelta",
    "getCanvasClientViewportSize",
    "getCanvasCommandPaletteKeyboardIntent",
    "getCanvasContextMenuKeyboardIntent",
    "getCanvasContextMenuPosition",
    "getCanvasDataTransferText",
    "getCanvasDomEditStyle",
    "getCanvasDomEditStyleProperties",
    "getCanvasEditableFieldKeyboardIntent",
    "getCanvasFindInputKeyboardIntent",
    "getCanvasFloatingAnchorForBounds",
    "getCanvasImportedImageSize",
    "getCanvasInlineEditKeyboardIntent",
    "getCanvasKeyboardBuiltinCommandShortcutIntent",
    "getCanvasKeyboardNudgeShortcutIntent",
    "getCanvasKeyboardReservedCommandShortcuts",
    "getCanvasKeyboardReservedNudgeShortcuts",
    "getCanvasKeyboardReservedViewportShortcuts",
    "getCanvasKeyboardSelectionCycleIntent",
    "getCanvasKeyboardSystemShortcutIntent",
    "getCanvasKeyboardToolShortcutIntent",
    "getCanvasKeyboardViewportShortcutIntent",
    "getCanvasMenuRovingActiveIndex",
    "getCanvasMenuRovingKeyIndex",
    "getCanvasMenuTriggerKeyboardIntent",
    "getCanvasModalBackdropPointerIntent",
    "getCanvasModalFocusableElements",
    "getCanvasModalKeyboardIntent",
    "getCanvasModalNextFocusIndex",
    "getCanvasModalRestoreFocusTarget",
    "getCanvasPasteOffset",
    "getCanvasPasteOffsetForBounds",
    "getCanvasPastePositionSession",
    "getCanvasPointerLocalGeometry",
    "getCanvasPointerLocalPoint",
    "getCanvasPointerTransformModifierState",
    "getCanvasPresentationKeyboardIntent",
    "getCanvasPrintableTextEditStartIntent",
    "getCanvasRadioTabIndex",
    "getCanvasResizeHandleDoubleClickIntent",
    "getCanvasRichClipboardJSONFromHTML",
    "getCanvasSelectionCycleResult",
    "getCanvasSelectionListModifierState",
    "getCanvasSelectionListRangeIds",
    "getCanvasTabsKeyboardIntent",
    "getCanvasTabsPanelAttributes",
    "getCanvasTabsTabAttributes",
    "getCanvasTabsTabIndex",
    "getCanvasTextEditorStyle",
    "getCanvasWorldClientPoint",
    "handleCanvasRadioGroupKeyDown",
    "isCanvasAppExtensionId",
    "isCanvasControlTarget",
    "isCanvasKeyboardCommandIntent",
    "isCanvasKeyboardToolIntent",
    "isCanvasKeyboardTypingTarget",
    "isCanvasKeyboardViewportIntent",
    "isCanvasPrintableKeyboardKey",
    "isCanvasTargetWithinSelector",
    "isCanvasWheelPassthroughTarget",
    "measureCanvasElementOverflow",
    "measureCanvasTextBlocks",
    "mergeCanvasAppAffordanceConfigInput",
    "parseCanvasBoardExportPayload",
    "parseCanvasRichClipboardPayload",
    "readCanvasRichClipboardFromDataTransfer",
    "recordCanvasItemPointerClick",
    "releaseCanvasPointerCapture",
    "resetCanvasViewport",
    "resolveCanvasAppFeaturePacks",
    "resolveCanvasElementBySelector",
    "restoreCanvasModalFocus",
    "runCanvasKeyboardCommandIntent",
    "runCanvasKeyboardToolIntent",
    "runCanvasKeyboardViewportIntent",
    "scheduleCanvasAnimationFrameTask",
    "scheduleCanvasTimeoutTask",
    "setCanvasDataTransferDropEffect",
    "setCanvasDataTransferText",
    "setCanvasDomEditStyleValue",
    "shouldReleaseCanvasKeyboardTemporaryPan",
    "shouldUseCanvasContentEditableText",
    "stringifyCanvasBoardExportPayload",
    "stringifyCanvasRichClipboardPayload",
    "trapCanvasModalTabFocus",
    "useCanvasAppModel",
    "useCanvasAppPreviewModel",
    "useCanvasMenuRovingFocus",
    "useCanvasModalFocusLifecycle",
    "useCanvasToolbarRovingFocus",
    "withCanvasAppCapabilities",
    "withCanvasAppFacilitationBundle",
    "writeCanvasClipboardText",
    "writeCanvasRichClipboardPayload",
    "zoomCanvasViewport",
  ],
  "appAuthoring": [
    "CANVAS_APP_ARROW_ROUTING_INSPECTOR_FEATURE_PACK",
    "CANVAS_APP_ARROW_ROUTING_INSPECTOR_FEATURE_PACK_MANIFEST",
    "CANVAS_APP_BOARD_IO_FEATURE_PACK_MANIFEST",
    "CANVAS_APP_CHECKLIST_INSPECTOR_FEATURE_PACK",
    "CANVAS_APP_CHECKLIST_INSPECTOR_FEATURE_PACK_MANIFEST",
    "CANVAS_APP_COMMAND_PALETTE_FEATURE_PACK_MANIFEST",
    "CANVAS_APP_COMMAND_PALETTE_VIEW_FEATURE_PACK",
    "CANVAS_APP_COMMENT_ONLY_CAPABILITIES",
    "CANVAS_APP_COMPONENT_AUTHORING_FEATURE_PACK_MANIFEST",
    "CANVAS_APP_COMPONENT_AUTHORING_VIEW_FEATURE_PACK",
    "CANVAS_APP_CURSOR_CHAT_FEATURE_PACK_MANIFEST",
    "CANVAS_APP_CURSOR_CHAT_VIEW_FEATURE_PACK",
    "CANVAS_APP_DRAWING_TOOLS_FEATURE_PACK_MANIFEST",
    "CANVAS_APP_DRAWING_TOOLS_VIEW_FEATURE_PACK",
    "CANVAS_APP_EDITOR_CAPABILITIES",
    "CANVAS_APP_FACILITATION_AFFORDANCE_CONFIG",
    "CANVAS_APP_FACILITATION_BUNDLE_ID",
    "CANVAS_APP_FACILITATION_DISABLED_AFFORDANCE_CONFIG",
    "CANVAS_APP_FACILITATION_FEATURE_PACK_MANIFEST",
    "CANVAS_APP_FACILITATION_VIEW_FEATURE_PACK",
    "CANVAS_APP_FIND_REPLACE_FEATURE_PACK_MANIFEST",
    "CANVAS_APP_FIND_REPLACE_VIEW_FEATURE_PACK",
    "CANVAS_APP_IMAGE_IO_FEATURE_PACK_MANIFEST",
    "CANVAS_APP_IMAGE_IO_VIEW_FEATURE_PACK",
    "CANVAS_APP_KANBAN_INSPECTOR_FEATURE_PACK",
    "CANVAS_APP_KANBAN_INSPECTOR_FEATURE_PACK_MANIFEST",
    "CANVAS_APP_MEDIA_IMPORT_FEATURE_PACK",
    "CANVAS_APP_MEDIA_IMPORT_FEATURE_PACK_MANIFEST",
    "CANVAS_APP_MINIMAP_FEATURE_PACK_MANIFEST",
    "CANVAS_APP_MINIMAP_VIEW_FEATURE_PACK",
    "CANVAS_APP_READ_ONLY_CAPABILITIES",
    "CANVAS_APP_SELECTION_TOOLBAR_FEATURE_PACK_MANIFEST",
    "CANVAS_APP_SELECTION_TOOLBAR_VIEW_FEATURE_PACK",
    "CANVAS_APP_SHORTCUT_HELP_FEATURE_PACK_MANIFEST",
    "CANVAS_APP_SHORTCUT_HELP_VIEW_FEATURE_PACK",
    "CANVAS_APP_STAMP_AUTHORING_FEATURE_PACK_MANIFEST",
    "CANVAS_APP_STAMP_AUTHORING_VIEW_FEATURE_PACK",
    "CANVAS_APP_STATUS_BAR_FEATURE_PACK_MANIFEST",
    "CANVAS_APP_STATUS_BAR_VIEW_FEATURE_PACK",
    "CANVAS_APP_TABLE_IMPORT_FEATURE_PACK_MANIFEST",
    "CANVAS_APP_TEXT_PASTE_IMPORT_FEATURE_PACK_MANIFEST",
    "CANVAS_APP_TOOLBAR_FEATURE_PACK_MANIFEST",
    "CANVAS_APP_TOOLBAR_VIEW_FEATURE_PACK",
    "CANVAS_APP_ZOOM_CONTROLS_FEATURE_PACK_MANIFEST",
    "CANVAS_APP_ZOOM_CONTROLS_VIEW_FEATURE_PACK",
    "CANVAS_BOARD_EXPORT_KIND",
    "CANVAS_BOARD_EXPORT_VERSION",
    "CANVAS_BOARD_IO_PLUGIN_ID",
    "CANVAS_BOARD_JSON_MIME_TYPE",
    "CANVAS_BOARD_SVG_MIME_TYPE",
    "DEFAULT_CANVAS_APP_EXTENSION_FEATURE_PACK_MANIFESTS",
    "DEFAULT_CANVAS_APP_FEATURE_PACKS",
    "DEFAULT_CANVAS_APP_FEATURE_PACK_EXTENSION_BUNDLE",
    "DEFAULT_CANVAS_APP_FEATURE_PACK_MANIFESTS",
    "DEFAULT_CANVAS_APP_FEATURE_PACK_VIEW_RENDERERS",
    "DEFAULT_CANVAS_APP_VIEW_FEATURE_PACKS",
    "DEFAULT_CANVAS_APP_VIEW_FEATURE_PACK_MANIFESTS",
    "assertCanvasAppExtensionId",
    "assertCanvasAppFeaturePack",
    "assertCanvasAppFeaturePackIds",
    "assertCanvasAppFeaturePackManifest",
    "assertCanvasAppFeaturePackManifests",
    "assertCanvasAppFeaturePackViewRenderers",
    "assertCanvasAppFeaturePacks",
    "assertCanvasAppViewFeaturePack",
    "assertCanvasAppViewFeaturePacks",
    "createCanvasAppAssembly",
    "createCanvasAppCapabilities",
    "createCanvasAppCapabilityAffordanceConfigInput",
    "createCanvasAppComponentPresentationRenderers",
    "createCanvasAppCustomItemRenderers",
    "createCanvasAppDomEditStyleFeaturePackManifest",
    "createCanvasAppExtensionBundle",
    "createCanvasAppFacilitationAffordanceConfigInput",
    "createCanvasAppFeaturePack",
    "createCanvasAppFeaturePackExtensionBundle",
    "createCanvasAppFeaturePackManifest",
    "createCanvasAppFeaturePackViewRenderers",
    "createCanvasAppViewFeaturePack",
    "createCanvasBoardExportPayload",
    "createCanvasBoardIoPlugin",
    "createCanvasBoardJsonExportFile",
    "createCanvasBoardSvgExport",
    "createCanvasBoardSvgExportFile",
    "createCanvasDomEditStyleInspectorPanel",
    "defineCanvasAppCustomItemModule",
    "defineCanvasAppFeaturePack",
    "defineCanvasAppHtmlWidgetModule",
    "defineCanvasAppReactWidgetModule",
    "dispatchCanvasAppCustomFocus",
    "dispatchCanvasAppCustomFocusClear",
    "getCanvasAppFeaturePackCatalog",
    "getCanvasAppInstalledFeaturePackManifestIds",
    "getCanvasAppInstalledFeaturePackManifests",
    "getCanvasAppInstalledFeaturePacks",
    "getCanvasAppInstalledViewFeaturePacks",
    "getCanvasAppManifestExtensionFeaturePacks",
    "getCanvasAppManifestViewFeaturePacks",
    "getCanvasAppWidgetInteractions",
    "getCanvasDomEditStyle",
    "getCanvasDomEditStyleProperties",
    "getCanvasFindInputKeyboardIntent",
    "isCanvasAppExtensionId",
    "mergeCanvasAppAffordanceConfigInput",
    "parseCanvasBoardExportPayload",
    "resolveCanvasAppFeaturePacks",
    "setCanvasDomEditStyleValue",
    "stringifyCanvasBoardExportPayload",
    "withCanvasAppCapabilities",
    "withCanvasAppFacilitationBundle",
  ],
  "core": [
    "CANVAS_BUILTIN_SHAPE_TOOLS",
    "CANVAS_FIT_VIEWPORT_PADDING",
    "CANVAS_ZOOM_STEPS",
    "DRAG_THRESHOLD",
    "INITIAL_VIEWPORT",
    "MAX_SCALE",
    "MIN_ITEM_SIZE",
    "MIN_SCALE",
    "RESIZE_HANDLES",
    "assertCanvasStableId",
    "assertCanvasStableIdRecordKeys",
    "clamp",
    "clampCanvasBoundsToFrame",
    "clampCanvasPointToBounds",
    "createCanvasSequentialIdFactory",
    "fitBoundsIntoViewport",
    "getCanvasBoundsAnchorPoint",
    "getCanvasBoundsAnchorPoints",
    "getCanvasBoundsCenter",
    "getCanvasPointBounds",
    "getCanvasViewportScale",
    "getCanvasViewportScreenBounds",
    "getCanvasViewportScreenPoint",
    "getCanvasViewportWorldBounds",
    "getCanvasViewportWorldPoint",
    "getCanvasViewportZoomStep",
    "getCanvasViewportZoomStepMultiplier",
    "handlePoint",
    "isCanvasBuiltinShapeTool",
    "isCanvasCustomToolId",
    "isCanvasStableId",
    "normalizeBounds",
    "normalizeCanvasPointsToLocalBounds",
    "pointDistance",
    "resizeBounds",
    "scaleItemBounds",
    "unique",
    "zoomViewport",
  ],
  "editor": [
    "createEditorEngine",
    "defineRegisteredDesignDefinition",
    "getEditorEngineDocumentHost",
  ],
  "engine": [
    "CANVAS_COMMAND_AFFORDANCES",
    "CANVAS_COMMAND_INSERT_OFFSET",
    "CANVAS_GESTURE_STATUS_LABELS",
    "CANVAS_MARQUEE_SELECTION_MODEL",
    "CANVAS_TOOL_AFFORDANCES",
    "CANVAS_TOOL_AFFORDANCE_ORDER",
    "CANVAS_WHEEL_PAN_SPEED",
    "CANVAS_WHEEL_ZOOM_DELTA_LIMIT",
    "CANVAS_WHEEL_ZOOM_SENSITIVITY",
    "DEFAULT_CANVAS_AFFORDANCE_CONFIG",
    "EMPTY_CANVAS_SNAP_GUIDES",
    "alignCanvasCommand",
    "assertCanvasAffordanceConfig",
    "cloneCanvasCommandItems",
    "createCanvasAffordanceConfig",
    "createCanvasArrow",
    "createCanvasHighlight",
    "createCanvasMarker",
    "createCanvasOverlayState",
    "createCanvasPath",
    "createCanvasRect",
    "createCanvasSceneAdapter",
    "createCanvasShape",
    "createCanvasText",
    "deleteCanvasCommand",
    "distributeCanvasCommand",
    "duplicateCanvasCommand",
    "getCanvasAngleConstrainedPoint",
    "getCanvasAspectRatioLockedPoint",
    "getCanvasCommandAvailability",
    "getCanvasCommandSelectionState",
    "getCanvasCreatedArrowEnd",
    "getCanvasCreatedDrawingPoints",
    "getCanvasCreatedPathSegments",
    "getCanvasCreatedRectBounds",
    "getCanvasItemPointerIntent",
    "getCanvasItemPointerSelection",
    "getCanvasMarqueeSelection",
    "getCanvasMoveSnap",
    "getCanvasPointerGesture",
    "getCanvasWheelViewport",
    "groupCanvasCommand",
    "isAdditivePointerInput",
    "lockCanvasCommand",
    "moveCanvasSelection",
    "normalizeCanvasRotationDegrees",
    "nudgeCanvasCommand",
    "reorderCanvasCommand",
    "resizeCanvasSelection",
    "resizeCanvasSelectionItems",
    "selectAllCanvasCommand",
    "shouldHandleCanvasWheelViewport",
    "shouldRouteCanvasItemPointerToCanvasGesture",
    "snapCanvasPointToGrid",
    "translateCanvasSelectionItems",
    "ungroupCanvasCommand",
    "unlockAllCanvasCommand",
  ],
  "entities": [],
  "foundation": [
    "CANVAS_COMMAND_INSERT_OFFSET",
    "CANVAS_MARQUEE_SELECTION_MODEL",
    "CANVAS_STICKY_NOTE_EXTENSION",
    "CANVAS_STICKY_NOTE_EXTENSION_ID",
    "CANVAS_STICKY_NOTE_RENDERER_SLOT_ID",
    "CANVAS_STICKY_NOTE_TEXT_TARGET_SLOT_ID",
    "CANVAS_STICKY_NOTE_TOOL_ID",
    "CANVAS_TOOL_GESTURE_ROUTES",
    "EMPTY_CANVAS_SNAP_GUIDES",
    "alignCanvasSelectionItems",
    "canAlignCanvasCommandSelection",
    "canAlignCanvasSelectionItems",
    "canDistributeCanvasCommandSelection",
    "canDistributeCanvasSelectionItems",
    "canFlipCanvasSelectionItems",
    "canGroupCanvasCommandSelection",
    "canReorderCanvasSelectionItems",
    "canSelectSameTypeCanvasItems",
    "canTidyCanvasSelectionItems",
    "canUseCanvasCommand",
    "clamp",
    "clampCanvasBoundsToFrame",
    "clampCanvasPointToBounds",
    "cloneCanvasSelectionItems",
    "createCanvasSceneAdapter",
    "defineCanvasExtension",
    "deleteCanvasSelectionItems",
    "distributeCanvasSelectionItems",
    "fitBoundsIntoViewport",
    "flipCanvasSelectionItems",
    "getCanvasBoundsAnchorPoint",
    "getCanvasBoundsAnchorPoints",
    "getCanvasBoundsCenter",
    "getCanvasCommandAvailability",
    "getCanvasCommandSelectionState",
    "getCanvasFullySelectedItemGroupIds",
    "getCanvasGroupExpandedSelectionIds",
    "getCanvasGroupedItemPointerSelection",
    "getCanvasGroupedItemSelection",
    "getCanvasItemGroupIndexRange",
    "getCanvasItemGroupMemberIds",
    "getCanvasItemGroupMemberIdsForGroup",
    "getCanvasItemPointerIntent",
    "getCanvasItemPointerSelection",
    "getCanvasLocalRect",
    "getCanvasMarqueeSelection",
    "getCanvasMoveSnap",
    "getCanvasPointBounds",
    "getCanvasPointerGesture",
    "getCanvasRectEdgeDistances",
    "getCanvasSelectableItemIds",
    "getCanvasSelectedItemGroupIds",
    "getCanvasSelectedItemIds",
    "getCanvasSelectedItems",
    "getCanvasSingleItemSelection",
    "getCanvasToolPointerGesture",
    "groupCanvasSelectionItems",
    "handlePoint",
    "hasCanvasCommandSelection",
    "insertCanvasItemAtTargetPlacement",
    "isAdditivePointerInput",
    "mapCanvasSelectionItems",
    "moveCanvasItemToTargetPlacement",
    "moveCanvasSelection",
    "moveCanvasSelectionItemsToIndex",
    "normalizeBounds",
    "normalizeCanvasPointsToLocalBounds",
    "normalizeCanvasRect",
    "normalizeCanvasRotationDegrees",
    "padCanvasRect",
    "pointDistance",
    "removeCanvasSelectionIds",
    "reorderCanvasSelectionItems",
    "resizeBounds",
    "resizeCanvasSelection",
    "resizeCanvasSelectionItems",
    "scaleItemBounds",
    "selectSameTypeCanvasItems",
    "shouldRouteCanvasItemPointerToCanvasGesture",
    "shouldRouteCanvasToolPointerToCanvasGesture",
    "shouldStartCanvasPanGesture",
    "snapCanvasPointToGrid",
    "tidyCanvasSelectionItems",
    "translateCanvasSelectionItems",
    "ungroupCanvasSelectionItems",
    "unionCanvasRectList",
    "unionCanvasRects",
    "unique",
    "zoomViewport",
  ],
  "host": [
    "CANVAS_ARROW_STYLE",
    "CANVAS_CHECKLIST_COMPONENT_KIND",
    "CANVAS_COMMENT_BODY_MAX_LENGTH",
    "CANVAS_COMMENT_DEFAULT_AUTHOR_NAME",
    "CANVAS_COMMENT_DEFAULT_BODY",
    "CANVAS_COMMENT_DEFAULT_CREATED_AT",
    "CANVAS_COMMENT_ITEM_SIZE",
    "CANVAS_COMPONENT_LIBRARY",
    "CANVAS_DEFAULT_SHAPE_KIND",
    "CANVAS_DEFAULT_SHAPE_TYPE",
    "CANVAS_DRAWING_STROKE_STYLE_DEFAULTS",
    "CANVAS_HIGHLIGHT_STYLE",
    "CANVAS_ITEM_ENGINE_ADAPTERS",
    "CANVAS_KANBAN_COMPONENT_KIND",
    "CANVAS_LINK_PREVIEW_COMPONENT_KIND",
    "CANVAS_LINK_PREVIEW_COMPONENT_PRESENTATION",
    "CANVAS_MARKER_STYLE",
    "CANVAS_PATH_STYLE",
    "CANVAS_SECTION_COMPONENT_KIND",
    "CANVAS_SECTION_DEFAULT_SIZE",
    "CANVAS_STAMP_ITEM_SIZE",
    "CANVAS_STICKY_COMPONENT_KIND",
    "CANVAS_TABLE_COMPONENT_KIND",
    "CANVAS_WHITEBOARD_TEXT_TARGET",
    "DEFAULT_CANVAS_COMPONENT_TEMPLATES",
    "INITIAL_ITEMS",
    "addCanvasChecklistItem",
    "addCanvasKanbanCard",
    "applyCanvasStickyComponentCreationDefaults",
    "canFlipCanvasSelection",
    "canReorderCanvasItems",
    "canResizeCanvasItem",
    "canRotateCanvasItem",
    "canRotateCanvasSelection",
    "canSelectSameTypeCanvasSelection",
    "canTidyCanvasSelection",
    "createCanvasCommentItem",
    "createCanvasCommentThreadMessage",
    "createCanvasComponentLibrary",
    "createCanvasDocumentController",
    "createCanvasDrawingStrokeStyleSet",
    "createCanvasImageItem",
    "createCanvasItemReadModel",
    "createCanvasLinkPreviewComponentItem",
    "createCanvasLinkPreviewSourceTextItem",
    "createCanvasStampItem",
    "createCanvasTableComponentItem",
    "flipCanvasSelection",
    "getCanvasArrowLabelBounds",
    "getCanvasArrowStyle",
    "getCanvasChecklistCheckedItems",
    "getCanvasChecklistItems",
    "getCanvasCommentBodyBounds",
    "getCanvasCommentTextPatchUpdates",
    "getCanvasCommentThreadMessages",
    "getCanvasDrawingItemBounds",
    "getCanvasDrawingStrokeStyle",
    "getCanvasEditableTextBounds",
    "getCanvasEditableTextPatchField",
    "getCanvasEditableTextPatchOperation",
    "getCanvasEditableTextValue",
    "getCanvasItemBounds",
    "getCanvasItemIds",
    "getCanvasItemRotation",
    "getCanvasItemRotationTransform",
    "getCanvasItemSvgShapeGeometry",
    "getCanvasItemsBounds",
    "getCanvasKanbanCards",
    "getCanvasLegacyShapeKind",
    "getCanvasLinkPreviewDomain",
    "getCanvasRotatedBounds",
    "getCanvasSelectionRotation",
    "getCanvasShapeKind",
    "getCanvasShapeType",
    "getCanvasSvgShapeGeometry",
    "getCanvasTableComponentSize",
    "getCanvasTableGrid",
    "getCanvasToolShapeKind",
    "getCanvasValidSelection",
    "getCommittedCanvasEditableTextValue",
    "hasCanvasItemRotation",
    "hasCanvasSelectionRotation",
    "isCanvasArrowDrawingItem",
    "isCanvasArrowRouting",
    "isCanvasChecklistComponentItem",
    "isCanvasChecklistItemChecked",
    "isCanvasCommentAttachedTo",
    "isCanvasCommentItem",
    "isCanvasCommentItemStorageShape",
    "isCanvasCustomItem",
    "isCanvasDrawingItem",
    "isCanvasEditableTextItem",
    "isCanvasEditableTextItemStorageShape",
    "isCanvasGroupItem",
    "isCanvasImageItemStorageShape",
    "isCanvasImageMimeType",
    "isCanvasKanbanComponentItem",
    "isCanvasLinkPreviewComponentItem",
    "isCanvasLinkPreviewOrientation",
    "isCanvasLinkPreviewUrl",
    "isCanvasPathDrawingItem",
    "isCanvasRotatableItem",
    "isCanvasSectionComponentItem",
    "isCanvasShapeItem",
    "isCanvasShapeItemStorageShape",
    "isCanvasShapeKind",
    "isCanvasShapeTool",
    "isCanvasStampItem",
    "isCanvasStampItemStorageShape",
    "isCanvasStickyComponentItem",
    "isCanvasStrokeDrawingItem",
    "isCanvasTableComponentItem",
    "isCanvasTextItem",
    "moveCanvasKanbanCard",
    "normalizeCanvasArrowRouting",
    "normalizeCanvasItemRotation",
    "normalizeCanvasItems",
    "normalizeCanvasLinkPreviewOrientation",
    "normalizeCanvasLinkPreviewUrl",
    "normalizeCanvasTableRows",
    "removeCanvasChecklistItem",
    "removeCanvasKanbanCard",
    "reorderCanvasItems",
    "replaceCanvasArrowRoutings",
    "replaceCanvasChecklistComponentItemChecked",
    "replaceCanvasChecklistComponentItemText",
    "replaceCanvasChecklistComponentsWithAddedItem",
    "replaceCanvasChecklistComponentsWithoutItem",
    "replaceCanvasKanbanComponentCardText",
    "replaceCanvasKanbanComponentsWithAddedCard",
    "replaceCanvasKanbanComponentsWithMovedCard",
    "replaceCanvasKanbanComponentsWithoutCard",
    "replaceCanvasLinkPreviewComponentsOrientation",
    "replaceCanvasLinkPreviewComponentsWithSourceText",
    "resetCanvasSelectionRotation",
    "rotateCanvasItem",
    "rotateCanvasSelection",
    "scaleCanvasDrawingItem",
    "selectSameTypeCanvasSelection",
    "setCanvasArrowRouting",
    "setCanvasChecklistItemChecked",
    "setCanvasChecklistItemText",
    "setCanvasCommentResolved",
    "setCanvasItemRotation",
    "setCanvasKanbanCardText",
    "setCanvasLinkPreviewComponentOrientation",
    "setCanvasShapeKind",
    "shouldCommitCanvasEditableTextOnEnter",
    "syncCanvasDrawingItemBounds",
    "tidyCanvasSelection",
    "translateCanvasArrowAttachedEndpoints",
    "translateCanvasCommentItem",
    "translateCanvasDrawingItem",
    "translateCanvasStampItem",
  ],
  "package": [
    "CanvasApp",
    "CanvasCore",
    "CanvasEngine",
    "CanvasFoundation",
    "CanvasHost",
    "CanvasRenderer",
  ],
  "reactDesign": [
    "ReactDesignEditorRenderer",
    "ReactDesignRenderer",
    "createDesignDocument",
    "createDomProjection",
    "createReactDesignComponentInstance",
    "createReactDesignDefinitionRegistry",
    "createReactDesignNodeDomProps",
    "createReactDesignTextSelection",
    "createReactDesignWidgetPack",
    "defineReactDesignDefinition",
    "defineReactDesignWidget",
    "defineRegisteredDesignDefinition",
    "getDesignDocumentPatchPort",
    "getReactDesignEditorExternalChangeHost",
    "restoreDesignDocument",
    "useReactDesignEditorRuntime",
  ],
  "renderer": [
    "CANVAS_SVG_ARROW_MARKER_ID",
    "CANVAS_SVG_ARROW_MARKER_IRI",
    "CANVAS_SVG_DRAFT_ARROW_MARKER_ID",
    "CANVAS_SVG_DRAFT_ARROW_MARKER_IRI",
    "CanvasSvgStage",
    "createCanvasCssBoundsTransform",
    "createCanvasSvgArrowPathData",
    "createCanvasSvgBoundsTransform",
    "createCanvasSvgFreehandPathData",
    "createCanvasSvgPathData",
    "createCanvasSvgPathSegmentData",
    "escapeCanvasXmlAttribute",
    "escapeCanvasXmlText",
    "formatCanvasSvgNumber",
  ],
}
`;
